// Jest Snapshot v1, https://goo.gl/fbAQLP

exports[`check constraint [mariadb] check constraint diff [mariadb]: mariadb-check-constraint-diff-1 1`] = `
"create table \`new_table\` (\`id\` int unsigned not null auto_increment primary key, \`priceColumn\` int not null, constraint foo check (priceColumn >= 0)) default character set utf8mb4 engine = InnoDB;

alter table \`foo_entity\` drop primary key;

alter table \`foo_entity\` add primary key \`foo_entity_pkey\`(\`id\`);

"
`;

exports[`check constraint [mariadb] check constraint is generated for decorator [mariadb]: mariadb-check-constraint-decorator 1`] = `
"create table \`foo_entity\` (\`id\` int unsigned not null auto_increment primary key, \`price\` int not null, \`price2\` int not null, \`price3\` int not null, constraint foo_entity_price2_check check (price2 >= 0), constraint foo_entity_price3_check check (price3 >= 0), constraint foo_entity_check check (price >= 0)) default character set utf8mb4 engine = InnoDB;

"
`;
